Check Links	Set up job	﻿2026-08-20T05:16:58.1072717Z Current runner version: '2.336.0'
Check Links	Set up job	2026-08-20T05:16:58.1098109Z ##[group]Runner Image Provisioner
Check Links	Set up job	2026-08-20T05:16:58.1099065Z Hosted Compute Agent
Check Links	Set up job	2026-08-20T05:16:58.1099667Z Version: 20260729.566
Check Links	Set up job	2026-08-20T05:16:58.1100327Z Commit: cf7153fe6e25b664e8693c24944bf2b00355d109
Check Links	Set up job	2026-08-20T05:16:58.1101162Z Build Date: 2026-07-29T19:17:02Z
Check Links	Set up job	2026-08-20T05:16:58.1101854Z Worker ID: {a36c7f6c-c18f-48d8-a7e9-91388404a536}
Check Links	Set up job	2026-08-20T05:16:58.1102876Z Azure Region: westus
Check Links	Set up job	2026-08-20T05:16:58.1103475Z ##[endgroup]
Check Links	Set up job	2026-08-20T05:16:58.1104966Z ##[group]Operating System
Check Links	Set up job	2026-08-20T05:16:58.1105746Z Ubuntu
Check Links	Set up job	2026-08-20T05:16:58.1106275Z 24.04.4
Check Links	Set up job	2026-08-20T05:16:58.1106823Z LTS
Check Links	Set up job	2026-08-20T05:16:58.1107424Z ##[endgroup]
Check Links	Set up job	2026-08-20T05:16:58.1108002Z ##[group]Runner Image
Check Links	Set up job	2026-08-20T05:16:58.1108665Z Image: ubuntu-24.04
Check Links	Set up job	2026-08-20T05:16:58.1109244Z Version: 20260816.277.1
Check Links	Set up job	2026-08-20T05:16:58.1110367Z Included Software: https://github.com/actions/runner-images/blob/ubuntu24/20260816.277/images/ubuntu/Ubuntu2404-Readme.md
Check Links	Set up job	2026-08-20T05:16:58.1112493Z Image Release: https://github.com/actions/runner-images/releases/tag/ubuntu24%2F20260816.277
Check Links	Set up job	2026-08-20T05:16:58.1113703Z ##[endgroup]
Check Links	Set up job	2026-08-20T05:16:58.1114830Z ##[group]GITHUB_TOKEN Permissions
Check Links	Set up job	2026-08-20T05:16:58.1116784Z Contents: read
Check Links	Set up job	2026-08-20T05:16:58.1117435Z Metadata: read
Check Links	Set up job	2026-08-20T05:16:58.1118057Z ##[endgroup]
Check Links	Set up job	2026-08-20T05:16:58.1120060Z Secret source: Actions
Check Links	Set up job	2026-08-20T05:16:58.1121096Z Prepare workflow directory
Check Links	Set up job	2026-08-20T05:16:58.1567246Z Prepare all required actions
Check Links	Set up job	2026-08-20T05:16:58.1615218Z Getting action download info
Check Links	Set up job	2026-08-20T05:16:58.5310811Z Download action repository 'actions/checkout@v6' (SHA:d23441a48e516b6c34aea4fa41551a30e30af803)
Check Links	Set up job	2026-08-20T05:16:58.6749592Z Download action repository 'lycheeverse/lychee-action@v2' (SHA:e7477775783ea5526144ba13e8db5eec57747ce8)
Check Links	Set up job	2026-08-20T05:16:59.0257388Z Complete job name: Check Links
Check Links	Run actions/checkout@v6	﻿2026-08-20T05:16:59.1087421Z ##[group]Run actions/checkout@v6
Check Links	Run actions/checkout@v6	2026-08-20T05:16:59.1088306Z with:
Check Links	Run actions/checkout@v6	2026-08-20T05:16:59.1089002Z   repository: link-foundation/csharp-ai-driven-development-pipeline-template
Check Links	Run actions/checkout@v6	2026-08-20T05:16:59.1093361Z   token: ***
Check Links	Run actions/checkout@v6	2026-08-20T05:16:59.1093831Z   ssh-strict: true
Check Links	Run actions/checkout@v6	2026-08-20T05:16:59.1094279Z   ssh-user: git
Check Links	Run actions/checkout@v6	2026-08-20T05:16:59.1094739Z   persist-credentials: true
Check Links	Run actions/checkout@v6	2026-08-20T05:16:59.1095248Z   clean: true
Check Links	Run actions/checkout@v6	2026-08-20T05:16:59.1095710Z   sparse-checkout-cone-mode: true
Check Links	Run actions/checkout@v6	2026-08-20T05:16:59.1096232Z   fetch-depth: 1
Check Links	Run actions/checkout@v6	2026-08-20T05:16:59.1096672Z   fetch-tags: false
Check Links	Run actions/checkout@v6	2026-08-20T05:16:59.1097118Z   show-progress: true
Check Links	Run actions/checkout@v6	2026-08-20T05:16:59.1097575Z   lfs: false
Check Links	Run actions/checkout@v6	2026-08-20T05:16:59.1097991Z   submodules: false
Check Links	Run actions/checkout@v6	2026-08-20T05:16:59.1098557Z   set-safe-directory: true
Check Links	Run actions/checkout@v6	2026-08-20T05:16:59.1099270Z   allow-unsafe-pr-checkout: false
Check Links	Run actions/checkout@v6	2026-08-20T05:16:59.1100286Z env:
Check Links	Run actions/checkout@v6	2026-08-20T05:16:59.1100914Z   GIT_CONFIG_COUNT: 1
Check Links	Run actions/checkout@v6	2026-08-20T05:16:59.1101425Z   GIT_CONFIG_KEY_0: init.defaultBranch
Check Links	Run actions/checkout@v6	2026-08-20T05:16:59.1101987Z   GIT_CONFIG_VALUE_0: main
Check Links	Run actions/checkout@v6	2026-08-20T05:16:59.1102861Z ##[endgroup]
Check Links	Run actions/checkout@v6	2026-08-20T05:16:59.2160166Z Syncing repository: link-foundation/csharp-ai-driven-development-pipeline-template
Check Links	Run actions/checkout@v6	2026-08-20T05:16:59.2171326Z ##[group]Getting Git version info
Check Links	Run actions/checkout@v6	2026-08-20T05:16:59.2173951Z Working directory is '/home/runner/work/csharp-ai-driven-development-pipeline-template/csharp-ai-driven-development-pipeline-template'
Check Links	Run actions/checkout@v6	2026-08-20T05:16:59.2176997Z [command]/usr/bin/git version
Check Links	Run actions/checkout@v6	2026-08-20T05:16:59.2346355Z git version 2.55.0
Check Links	Run actions/checkout@v6	2026-08-20T05:16:59.2370145Z ##[endgroup]
Check Links	Run actions/checkout@v6	2026-08-20T05:16:59.2387435Z Temporarily overriding HOME='/home/runner/work/_temp/d570ecfb-29d6-424d-a638-48105934fd69' before making global git config changes
Check Links	Run actions/checkout@v6	2026-08-20T05:16:59.2390322Z Adding repository directory to the temporary git global config as a safe directory
Check Links	Run actions/checkout@v6	2026-08-20T05:16:59.2397515Z [command]/usr/bin/git config --global --add safe.directory /home/runner/work/csharp-ai-driven-development-pipeline-template/csharp-ai-driven-development-pipeline-template
Check Links	Run actions/checkout@v6	2026-08-20T05:16:59.2450753Z Deleting the contents of '/home/runner/work/csharp-ai-driven-development-pipeline-template/csharp-ai-driven-development-pipeline-template'
Check Links	Run actions/checkout@v6	2026-08-20T05:16:59.2454938Z ##[group]Determining repository object format
Check Links	Run actions/checkout@v6	2026-08-20T05:16:59.2457412Z ##[endgroup]
Check Links	Run actions/checkout@v6	2026-08-20T05:16:59.2462621Z ##[group]Initializing the repository
Check Links	Run actions/checkout@v6	2026-08-20T05:16:59.2474271Z [command]/usr/bin/git init /home/runner/work/csharp-ai-driven-development-pipeline-template/csharp-ai-driven-development-pipeline-template
Check Links	Run actions/checkout@v6	2026-08-20T05:16:59.2574099Z Initialized empty Git repository in /home/runner/work/csharp-ai-driven-development-pipeline-template/csharp-ai-driven-development-pipeline-template/.git/
Check Links	Run actions/checkout@v6	2026-08-20T05:16:59.2583321Z [command]/usr/bin/git remote add origin https://github.com/link-foundation/csharp-ai-driven-development-pipeline-template
Check Links	Run actions/checkout@v6	2026-08-20T05:16:59.2642432Z ##[endgroup]
Check Links	Run actions/checkout@v6	2026-08-20T05:16:59.2643810Z ##[group]Disabling automatic garbage collection
Check Links	Run actions/checkout@v6	2026-08-20T05:16:59.2645993Z [command]/usr/bin/git config --local gc.auto 0
Check Links	Run actions/checkout@v6	2026-08-20T05:16:59.2685323Z ##[endgroup]
Check Links	Run actions/checkout@v6	2026-08-20T05:16:59.2686678Z ##[group]Setting up auth
Check Links	Run actions/checkout@v6	2026-08-20T05:16:59.2687951Z Removing SSH command configuration
Check Links	Run actions/checkout@v6	2026-08-20T05:16:59.2691548Z [command]/usr/bin/git config --local --name-only --get-regexp core\.sshCommand
Check Links	Run actions/checkout@v6	2026-08-20T05:16:59.2729691Z [command]/usr/bin/git submodule foreach --recursive sh -c "git config --local --name-only --get-regexp 'core\.sshCommand' && git config --local --unset-all 'core.sshCommand' || :"
Check Links	Run actions/checkout@v6	2026-08-20T05:16:59.3106663Z Removing HTTP extra header
Check Links	Run actions/checkout@v6	2026-08-20T05:16:59.3113894Z [command]/usr/bin/git config --local --name-only --get-regexp http\.https\:\/\/github\.com\/\.extraheader
Check Links	Run actions/checkout@v6	2026-08-20T05:16:59.3152766Z [command]/usr/bin/git submodule foreach --recursive sh -c "git config --local --name-only --get-regexp 'http\.https\:\/\/github\.com\/\.extraheader' && git config --local --unset-all 'http.https://github.com/.extraheader' || :"
Check Links	Run actions/checkout@v6	2026-08-20T05:16:59.3371763Z Removing includeIf entries pointing to credentials config files
Check Links	Run actions/checkout@v6	2026-08-20T05:16:59.3378694Z [command]/usr/bin/git config --local --name-only --get-regexp ^includeIf\.gitdir:
Check Links	Run actions/checkout@v6	2026-08-20T05:16:59.3414503Z [command]/usr/bin/git submodule foreach --recursive git config --local --show-origin --name-only --get-regexp remote.origin.url
Check Links	Run actions/checkout@v6	2026-08-20T05:16:59.3673325Z [command]/usr/bin/git config --file /home/runner/work/_temp/git-credentials-7170dd29-6b7c-469d-bb64-87c24e2d5935.config http.https://github.com/.extraheader AUTHORIZATION: basic ***
Check Links	Run actions/checkout@v6	2026-08-20T05:16:59.3714118Z [command]/usr/bin/git config --local includeIf.gitdir:/home/runner/work/csharp-ai-driven-development-pipeline-template/csharp-ai-driven-development-pipeline-template/.git.path /home/runner/work/_temp/git-credentials-7170dd29-6b7c-469d-bb64-87c24e2d5935.config
Check Links	Run actions/checkout@v6	2026-08-20T05:16:59.3748216Z [command]/usr/bin/git config --local includeIf.gitdir:/home/runner/work/csharp-ai-driven-development-pipeline-template/csharp-ai-driven-development-pipeline-template/.git/worktrees/*.path /home/runner/work/_temp/git-credentials-7170dd29-6b7c-469d-bb64-87c24e2d5935.config
Check Links	Run actions/checkout@v6	2026-08-20T05:16:59.3791995Z [command]/usr/bin/git config --local includeIf.gitdir:/github/workspace/.git.path /github/runner_temp/git-credentials-7170dd29-6b7c-469d-bb64-87c24e2d5935.config
Check Links	Run actions/checkout@v6	2026-08-20T05:16:59.3825267Z [command]/usr/bin/git config --local includeIf.gitdir:/github/workspace/.git/worktrees/*.path /github/runner_temp/git-credentials-7170dd29-6b7c-469d-bb64-87c24e2d5935.config
Check Links	Run actions/checkout@v6	2026-08-20T05:16:59.3855275Z ##[endgroup]
Check Links	Run actions/checkout@v6	2026-08-20T05:16:59.3856043Z ##[group]Fetching the repository
Check Links	Run actions/checkout@v6	2026-08-20T05:16:59.3863675Z [command]/usr/bin/git -c protocol.version=2 fetch --no-tags --prune --no-recurse-submodules --depth=1 origin +f94a956f8359f5cfde7e22377d889739b3921455:refs/remotes/pull/48/merge
Check Links	Run actions/checkout@v6	2026-08-20T05:16:59.8283619Z From https://github.com/link-foundation/csharp-ai-driven-development-pipeline-template
Check Links	Run actions/checkout@v6	2026-08-20T05:16:59.8285138Z  * [new ref]         f94a956f8359f5cfde7e22377d889739b3921455 -> pull/48/merge
Check Links	Run actions/checkout@v6	2026-08-20T05:16:59.8289580Z ##[endgroup]
Check Links	Run actions/checkout@v6	2026-08-20T05:16:59.8290750Z ##[group]Determining the checkout info
Check Links	Run actions/checkout@v6	2026-08-20T05:16:59.8291856Z ##[endgroup]
Check Links	Run actions/checkout@v6	2026-08-20T05:16:59.8297227Z [command]/usr/bin/git sparse-checkout disable
Check Links	Run actions/checkout@v6	2026-08-20T05:16:59.8352005Z [command]/usr/bin/git config --local --unset-all extensions.worktreeConfig
Check Links	Run actions/checkout@v6	2026-08-20T05:16:59.8384967Z ##[group]Checking out the ref
Check Links	Run actions/checkout@v6	2026-08-20T05:16:59.8389147Z [command]/usr/bin/git checkout --progress --force refs/remotes/pull/48/merge
Check Links	Run actions/checkout@v6	2026-08-20T05:16:59.8485299Z Note: switching to 'refs/remotes/pull/48/merge'.
Check Links	Run actions/checkout@v6	2026-08-20T05:16:59.8486256Z 
Check Links	Run actions/checkout@v6	2026-08-20T05:16:59.8486708Z You are in 'detached HEAD' state. You can look around, make experimental
Check Links	Run actions/checkout@v6	2026-08-20T05:16:59.8487733Z changes and commit them, and you can discard any commits you make in this
Check Links	Run actions/checkout@v6	2026-08-20T05:16:59.8488738Z state without impacting any branches by switching back to a branch.
Check Links	Run actions/checkout@v6	2026-08-20T05:16:59.8489328Z 
Check Links	Run actions/checkout@v6	2026-08-20T05:16:59.8489785Z If you want to create a new branch to retain commits you create, you may
Check Links	Run actions/checkout@v6	2026-08-20T05:16:59.8490762Z do so (now or later) by using -c with the switch command. Example:
Check Links	Run actions/checkout@v6	2026-08-20T05:16:59.8491305Z 
Check Links	Run actions/checkout@v6	2026-08-20T05:16:59.8491585Z   git switch -c <new-branch-name>
Check Links	Run actions/checkout@v6	2026-08-20T05:16:59.8491976Z 
Check Links	Run actions/checkout@v6	2026-08-20T05:16:59.8492595Z Or undo this operation with:
Check Links	Run actions/checkout@v6	2026-08-20T05:16:59.8493015Z 
Check Links	Run actions/checkout@v6	2026-08-20T05:16:59.8493232Z   git switch -
Check Links	Run actions/checkout@v6	2026-08-20T05:16:59.8493531Z 
Check Links	Run actions/checkout@v6	2026-08-20T05:16:59.8493973Z Turn off this advice by setting config variable advice.detachedHead to false
Check Links	Run actions/checkout@v6	2026-08-20T05:16:59.8494609Z 
Check Links	Run actions/checkout@v6	2026-08-20T05:16:59.8495508Z HEAD is now at f94a956 Merge b4165dccc58f7dff2c7033d5b0e948c839071468 into 766462d9138400e1b5fe2a5cd27124a55bbdee61
Check Links	Run actions/checkout@v6	2026-08-20T05:16:59.8497982Z ##[endgroup]
Check Links	Run actions/checkout@v6	2026-08-20T05:16:59.8540288Z [command]/usr/bin/git log -1 --format=%H
Check Links	Run actions/checkout@v6	2026-08-20T05:16:59.8567921Z f94a956f8359f5cfde7e22377d889739b3921455
Check Links	Check links with lychee	﻿2026-08-20T05:16:59.9015943Z ##[group]Run lycheeverse/lychee-action@v2
Check Links	Check links with lychee	2026-08-20T05:16:59.9016656Z with:
Check Links	Check links with lychee	2026-08-20T05:16:59.9017743Z   args: --verbose --no-progress --cache --max-cache-age 1d --max-retries 3 --timeout 30 --exclude-path docs/case-studies './**/*.md' './**/*.html'
Check Links	Check links with lychee	2026-08-20T05:16:59.9018989Z   fail: false
Check Links	Check links with lychee	2026-08-20T05:16:59.9019474Z   output: lychee/out.md
Check Links	Check links with lychee	2026-08-20T05:16:59.9019992Z   jobSummary: true
Check Links	Check links with lychee	2026-08-20T05:16:59.9020477Z   debug: false
Check Links	Check links with lychee	2026-08-20T05:16:59.9020968Z   failIfEmpty: true
Check Links	Check links with lychee	2026-08-20T05:16:59.9021460Z   format: markdown
Check Links	Check links with lychee	2026-08-20T05:16:59.9021958Z   lycheeVersion: v0.24.2
Check Links	Check links with lychee	2026-08-20T05:16:59.9022849Z   checkbox: true
Check Links	Check links with lychee	2026-08-20T05:16:59.9026644Z   token: ***
Check Links	Check links with lychee	2026-08-20T05:16:59.9027134Z   workingDirectory: .
Check Links	Check links with lychee	2026-08-20T05:16:59.9027642Z env:
Check Links	Check links with lychee	2026-08-20T05:16:59.9028086Z   GIT_CONFIG_COUNT: 1
Check Links	Check links with lychee	2026-08-20T05:16:59.9028621Z   GIT_CONFIG_KEY_0: init.defaultBranch
Check Links	Check links with lychee	2026-08-20T05:16:59.9029221Z   GIT_CONFIG_VALUE_0: main
Check Links	Check links with lychee	2026-08-20T05:16:59.9033448Z   GITHUB_TOKEN: ***
Check Links	Check links with lychee	2026-08-20T05:16:59.9033988Z ##[endgroup]
Check Links	Check links with lychee	2026-08-20T05:16:59.9095874Z ##[start-action display=Set up environment;id=lychee.__run]
Check Links	Check links with lychee	2026-08-20T05:16:59.9147142Z ##[group]Run # Install into $RUNNER_TEMP (not $HOME) so the install path is stable
Check Links	Check links with lychee	2026-08-20T05:16:59.9148338Z ^[[36;1m# Install into $RUNNER_TEMP (not $HOME) so the install path is stable^[[0m
Check Links	Check links with lychee	2026-08-20T05:16:59.9149436Z ^[[36;1m# across composite steps. On some runners $HOME is overridden per step^[[0m
Check Links	Check links with lychee	2026-08-20T05:16:59.9150514Z ^[[36;1m# (e.g. actions/checkout temporarily sets it), which made the PATH^[[0m
Check Links	Check links with lychee	2026-08-20T05:16:59.9151508Z ^[[36;1m# entry from one step and the install in another step diverge.^[[0m
Check Links	Check links with lychee	2026-08-20T05:16:59.9152835Z ^[[36;1mecho "$RUNNER_TEMP/lychee/bin" >> "$GITHUB_PATH"^[[0m
Check Links	Check links with lychee	2026-08-20T05:16:59.9153620Z ^[[36;1mmkdir -p "$RUNNER_TEMP/lychee/bin"^[[0m
Check Links	Check links with lychee	2026-08-20T05:16:59.9195437Z shell: /usr/bin/bash --noprofile --norc -e -o pipefail {0}
Check Links	Check links with lychee	2026-08-20T05:16:59.9196200Z env:
Check Links	Check links with lychee	2026-08-20T05:16:59.9196662Z   GIT_CONFIG_COUNT: 1
Check Links	Check links with lychee	2026-08-20T05:16:59.9197206Z   GIT_CONFIG_KEY_0: init.defaultBranch
Check Links	Check links with lychee	2026-08-20T05:16:59.9197840Z   GIT_CONFIG_VALUE_0: main
Check Links	Check links with lychee	2026-08-20T05:16:59.9201704Z   GITHUB_TOKEN: ***
Check Links	Check links with lychee	2026-08-20T05:16:59.9202493Z ##[endgroup]
Check Links	Check links with lychee	2026-08-20T05:16:59.9320596Z ##[end-action id=lychee.__run;outcome=success;conclusion=success;duration_ms=22]
Check Links	Check links with lychee	2026-08-20T05:16:59.9326421Z ##[start-action display=Download and extract lychee in temp directory;id=lychee.lychee-setup]
Check Links	Check links with lychee	2026-08-20T05:16:59.9359011Z ##[group]Run # Create a temporary directory for downloads and extraction
Check Links	Check links with lychee	2026-08-20T05:16:59.9360015Z ^[[36;1m# Create a temporary directory for downloads and extraction^[[0m
Check Links	Check links with lychee	2026-08-20T05:16:59.9360850Z ^[[36;1mTEMP_DIR="${RUNNER_TEMP}/lychee-download"^[[0m
Check Links	Check links with lychee	2026-08-20T05:16:59.9361617Z ^[[36;1mrm -rf "${TEMP_DIR}" && mkdir -p "${TEMP_DIR}"^[[0m
Check Links	Check links with lychee	2026-08-20T05:16:59.9362894Z ^[[36;1mcd "${TEMP_DIR}"^[[0m
Check Links	Check links with lychee	2026-08-20T05:16:59.9363497Z ^[[36;1m^[[0m
Check Links	Check links with lychee	2026-08-20T05:16:59.9364040Z ^[[36;1mARCH=$(uname -m)^[[0m
Check Links	Check links with lychee	2026-08-20T05:16:59.9364732Z ^[[36;1m# Determine filename and download URL based on version^[[0m
Check Links	Check links with lychee	2026-08-20T05:16:59.9365624Z ^[[36;1mif [[ "${LYCHEE_VERSION}" =~ ^v0\.0|^v0\.1[0-5]\. ]]; then^[[0m
Check Links	Check links with lychee	2026-08-20T05:16:59.9366604Z ^[[36;1m  FILENAME="lychee-${LYCHEE_VERSION}-${ARCH}-unknown-linux-gnu.tar.gz"^[[0m
Check Links	Check links with lychee	2026-08-20T05:16:59.9367921Z ^[[36;1m  DOWNLOAD_URL="https://github.com/lycheeverse/lychee/releases/download/${LYCHEE_VERSION}/${FILENAME}"^[[0m
Check Links	Check links with lychee	2026-08-20T05:16:59.9369000Z ^[[36;1melse^[[0m
Check Links	Check links with lychee	2026-08-20T05:16:59.9369598Z ^[[36;1m  FILENAME="lychee-${ARCH}-unknown-linux-gnu.tar.gz"^[[0m
Check Links	Check links with lychee	2026-08-20T05:16:59.9370414Z ^[[36;1m  if [[ "${LYCHEE_VERSION}" == 'nightly' ]]; then^[[0m
Check Links	Check links with lychee	2026-08-20T05:16:59.9371490Z ^[[36;1m    DOWNLOAD_URL="https://github.com/lycheeverse/lychee/releases/download/nightly/${FILENAME}"^[[0m
Check Links	Check links with lychee	2026-08-20T05:16:59.9372742Z ^[[36;1m  elif [[ "${LYCHEE_VERSION}" == 'latest' ]]; then^[[0m
Check Links	Check links with lychee	2026-08-20T05:16:59.9373815Z ^[[36;1m    DOWNLOAD_URL="https://github.com/lycheeverse/lychee/releases/latest/download/${FILENAME}"^[[0m
Check Links	Check links with lychee	2026-08-20T05:16:59.9374835Z ^[[36;1m  else^[[0m
Check Links	Check links with lychee	2026-08-20T05:16:59.9375833Z ^[[36;1m    DOWNLOAD_URL="https://github.com/lycheeverse/lychee/releases/download/lychee-${LYCHEE_VERSION}/${FILENAME}"^[[0m
Check Links	Check links with lychee	2026-08-20T05:16:59.9377195Z ^[[36;1m  fi^[[0m
Check Links	Check links with lychee	2026-08-20T05:16:59.9377666Z ^[[36;1mfi^[[0m
Check Links	Check links with lychee	2026-08-20T05:16:59.9378131Z ^[[36;1m^[[0m
Check Links	Check links with lychee	2026-08-20T05:16:59.9378652Z ^[[36;1mecho "Downloading from: ${DOWNLOAD_URL}"^[[0m
Check Links	Check links with lychee	2026-08-20T05:16:59.9379348Z ^[[36;1mcurl -sfLO "${DOWNLOAD_URL}"^[[0m
Check Links	Check links with lychee	2026-08-20T05:16:59.9379935Z ^[[36;1m^[[0m
Check Links	Check links with lychee	2026-08-20T05:16:59.9380412Z ^[[36;1mecho "Extracting ${FILENAME}"^[[0m
Check Links	Check links with lychee	2026-08-20T05:16:59.9381030Z ^[[36;1mtar -xvzf "${FILENAME}"^[[0m
Check Links	Check links with lychee	2026-08-20T05:16:59.9381603Z ^[[36;1mrm -rv "${FILENAME}"^[[0m
Check Links	Check links with lychee	2026-08-20T05:16:59.9382390Z ^[[36;1m^[[0m
Check Links	Check links with lychee	2026-08-20T05:16:59.9383051Z ^[[36;1m# Detect if lychee binary is in a subfolder within the tar.gz^[[0m
Check Links	Check links with lychee	2026-08-20T05:16:59.9383922Z ^[[36;1mif ! [[ -f "${TEMP_DIR}/lychee" ]]; then^[[0m
Check Links	Check links with lychee	2026-08-20T05:16:59.9384783Z ^[[36;1m  TEMP_DIR="$(echo "${TEMP_DIR}"/lychee-*)"  # need `echo` to evaluate glob^[[0m
Check Links	Check links with lychee	2026-08-20T05:16:59.9385602Z ^[[36;1mfi^[[0m
Check Links	Check links with lychee	2026-08-20T05:16:59.9386126Z ^[[36;1mif ! [[ -f "${TEMP_DIR}/lychee" ]]; then^[[0m
Check Links	Check links with lychee	2026-08-20T05:16:59.9387075Z ^[[36;1m  echo "Cannot find lychee binary in $TEMP_DIR. Did the archive structure change?" >&2^[[0m
Check Links	Check links with lychee	2026-08-20T05:16:59.9387990Z ^[[36;1m  exit 1^[[0m
Check Links	Check links with lychee	2026-08-20T05:16:59.9388459Z ^[[36;1mfi^[[0m
Check Links	Check links with lychee	2026-08-20T05:16:59.9388911Z ^[[36;1m^[[0m
Check Links	Check links with lychee	2026-08-20T05:16:59.9389456Z ^[[36;1m# Output temp directory for use in later steps^[[0m
Check Links	Check links with lychee	2026-08-20T05:16:59.9390236Z ^[[36;1mecho "temp_dir=${TEMP_DIR}" >> $GITHUB_OUTPUT^[[0m
Check Links	Check links with lychee	2026-08-20T05:16:59.9427875Z shell: /usr/bin/bash --noprofile --norc -e -o pipefail {0}
Check Links	Check links with lychee	2026-08-20T05:16:59.9428608Z env:
Check Links	Check links with lychee	2026-08-20T05:16:59.9429061Z   GIT_CONFIG_COUNT: 1
Check Links	Check links with lychee	2026-08-20T05:16:59.9429601Z   GIT_CONFIG_KEY_0: init.defaultBranch
Check Links	Check links with lychee	2026-08-20T05:16:59.9430215Z   GIT_CONFIG_VALUE_0: main
Check Links	Check links with lychee	2026-08-20T05:16:59.9434439Z   GITHUB_TOKEN: ***
Check Links	Check links with lychee	2026-08-20T05:16:59.9435000Z   LYCHEE_VERSION: v0.24.2
Check Links	Check links with lychee	2026-08-20T05:16:59.9435541Z ##[endgroup]
Check Links	Check links with lychee	2026-08-20T05:16:59.9532370Z Downloading from: https://github.com/lycheeverse/lychee/releases/download/lychee-v0.24.2/lychee-x86_64-unknown-linux-gnu.tar.gz
Check Links	Check links with lychee	2026-08-20T05:17:00.2074798Z Extracting lychee-x86_64-unknown-linux-gnu.tar.gz
Check Links	Check links with lychee	2026-08-20T05:17:00.2101304Z lychee-x86_64-unknown-linux-gnu/
Check Links	Check links with lychee	2026-08-20T05:17:00.2103025Z lychee-x86_64-unknown-linux-gnu/README.md
Check Links	Check links with lychee	2026-08-20T05:17:00.2108368Z lychee-x86_64-unknown-linux-gnu/docs/
Check Links	Check links with lychee	2026-08-20T05:17:00.2109567Z lychee-x86_64-unknown-linux-gnu/docs/lychee.1
Check Links	Check links with lychee	2026-08-20T05:17:00.2110921Z lychee-x86_64-unknown-linux-gnu/docs/TROUBLESHOOTING.md
Check Links	Check links with lychee	2026-08-20T05:17:00.2112431Z lychee-x86_64-unknown-linux-gnu/docs/PRE_COMMIT.md
Check Links	Check links with lychee	2026-08-20T05:17:00.2113709Z lychee-x86_64-unknown-linux-gnu/complete/
Check Links	Check links with lychee	2026-08-20T05:17:00.2115006Z lychee-x86_64-unknown-linux-gnu/complete/_lychee.ps1
Check Links	Check links with lychee	2026-08-20T05:17:00.2116386Z lychee-x86_64-unknown-linux-gnu/complete/lychee.elv
Check Links	Check links with lychee	2026-08-20T05:17:00.2117810Z lychee-x86_64-unknown-linux-gnu/complete/lychee.fish
Check Links	Check links with lychee	2026-08-20T05:17:00.2119297Z lychee-x86_64-unknown-linux-gnu/complete/lychee.bash
Check Links	Check links with lychee	2026-08-20T05:17:00.2120759Z lychee-x86_64-unknown-linux-gnu/complete/_lychee
Check Links	Check links with lychee	2026-08-20T05:17:00.2122452Z lychee-x86_64-unknown-linux-gnu/lychee
Check Links	Check links with lychee	2026-08-20T05:17:00.3453088Z removed 'lychee-x86_64-unknown-linux-gnu.tar.gz'
Check Links	Check links with lychee	2026-08-20T05:17:00.3490936Z ##[end-action id=lychee.lychee-setup;outcome=success;conclusion=success;duration_ms=416]
Check Links	Check links with lychee	2026-08-20T05:17:00.3501219Z ##[start-action display=Install lychee;id=lychee.__run_2]
Check Links	Check links with lychee	2026-08-20T05:17:00.3578269Z ##[group]Run # Install lychee from the temporary directory
Check Links	Check links with lychee	2026-08-20T05:17:00.3580117Z ^[[36;1m# Install lychee from the temporary directory^[[0m
Check Links	Check links with lychee	2026-08-20T05:17:00.3583260Z ^[[36;1minstall -t "$RUNNER_TEMP/lychee/bin" -D "/home/runner/work/_temp/lychee-download/lychee-x86_64-unknown-linux-gnu/lychee"^[[0m
Check Links	Check links with lychee	2026-08-20T05:17:00.3624004Z shell: /usr/bin/bash --noprofile --norc -e -o pipefail {0}
Check Links	Check links with lychee	2026-08-20T05:17:00.3625588Z env:
Check Links	Check links with lychee	2026-08-20T05:17:00.3626508Z   GIT_CONFIG_COUNT: 1
Check Links	Check links with lychee	2026-08-20T05:17:00.3627647Z   GIT_CONFIG_KEY_0: init.defaultBranch
Check Links	Check links with lychee	2026-08-20T05:17:00.3628972Z   GIT_CONFIG_VALUE_0: main
Check Links	Check links with lychee	2026-08-20T05:17:00.3640998Z   GITHUB_TOKEN: ***
Check Links	Check links with lychee	2026-08-20T05:17:00.3642046Z ##[endgroup]
Check Links	Check links with lychee	2026-08-20T05:17:00.3818088Z ##[end-action id=lychee.__run_2;outcome=success;conclusion=success;duration_ms=31]
Check Links	Check links with lychee	2026-08-20T05:17:00.3830471Z ##[start-action display=Run Lychee;id=lychee.run-lychee]
Check Links	Check links with lychee	2026-08-20T05:17:00.3880038Z ##[group]Run /home/runner/work/_actions/lycheeverse/lychee-action/v2/entrypoint.sh
Check Links	Check links with lychee	2026-08-20T05:17:00.3882656Z ^[[36;1m/home/runner/work/_actions/lycheeverse/lychee-action/v2/entrypoint.sh^[[0m
Check Links	Check links with lychee	2026-08-20T05:17:00.3919503Z shell: /usr/bin/bash --noprofile --norc -e -o pipefail {0}
Check Links	Check links with lychee	2026-08-20T05:17:00.3920978Z env:
Check Links	Check links with lychee	2026-08-20T05:17:00.3921860Z   GIT_CONFIG_COUNT: 1
Check Links	Check links with lychee	2026-08-20T05:17:00.3923144Z   GIT_CONFIG_KEY_0: init.defaultBranch
Check Links	Check links with lychee	2026-08-20T05:17:00.3924381Z   GIT_CONFIG_VALUE_0: main
Check Links	Check links with lychee	2026-08-20T05:17:00.3934623Z   GITHUB_TOKEN: ***
Check Links	Check links with lychee	2026-08-20T05:17:00.3944318Z   INPUT_TOKEN: ***
Check Links	Check links with lychee	2026-08-20T05:17:00.3946799Z   INPUT_ARGS: --verbose --no-progress --cache --max-cache-age 1d --max-retries 3 --timeout 30 --exclude-path docs/case-studies './**/*.md' './**/*.html'
Check Links	Check links with lychee	2026-08-20T05:17:00.3949561Z   INPUT_DEBUG: false
Check Links	Check links with lychee	2026-08-20T05:17:00.3950532Z   INPUT_FAIL: false
Check Links	Check links with lychee	2026-08-20T05:17:00.3951504Z   INPUT_FAILIFEMPTY: true
Check Links	Check links with lychee	2026-08-20T05:17:00.3952885Z   INPUT_FORMAT: markdown
Check Links	Check links with lychee	2026-08-20T05:17:00.3953959Z   INPUT_JOBSUMMARY: true
Check Links	Check links with lychee	2026-08-20T05:17:00.3954993Z   INPUT_CHECKBOX: true
Check Links	Check links with lychee	2026-08-20T05:17:00.3956019Z   INPUT_OUTPUT: lychee/out.md
Check Links	Check links with lychee	2026-08-20T05:17:00.3958763Z   SUMMARY_URL: https://github.com/link-foundation/csharp-ai-driven-development-pipeline-template/actions/runs/32335007232#summary-96322751253
Check Links	Check links with lychee	2026-08-20T05:17:00.3961580Z ##[endgroup]
Check Links	Check links with lychee	2026-08-20T05:17:01.7547928Z   [WARN] ./**/*.html: No files found for this input source
Check Links	Check links with lychee	2026-08-20T05:17:01.7587392Z [IGNORED] xref:MyPackage (at 8:3) | Unsupported: URL is missing a hostname
Check Links	Check links with lychee	2026-08-20T05:17:01.7605542Z [EXCLUDED] https://www.npmjs.com/package/browser-commander (at 7:36) | This is due to your 'exclude' values
Check Links	Check links with lychee	2026-08-20T05:17:01.7610796Z [ERROR] file:///home/runner/work/csharp-ai-driven-development-pipeline-template/csharp-ai-driven-development-pipeline-template/docs/api/MyPackage.yml (at 18:12) | File not found. Check if file exists and path is correct
Check Links	Check links with lychee	2026-08-20T05:17:01.8945564Z [404] https://link-foundation.github.io/csharp-ai-driven-development-pipeline-template/api/ (at 27:10) | Rejected status code: 404 Not Found
Check Links	Check links with lychee	2026-08-20T05:17:01.8948659Z [404] https://link-foundation.github.io/csharp-ai-driven-development-pipeline-template/csharp/ (at 26:10) | Rejected status code: 404 Not Found
Check Links	Check links with lychee	2026-08-20T05:17:03.8146103Z Hint: You can configure accepted/rejected response codes with `-a` or `--accept`
Check Links	Check links with lychee	2026-08-20T05:17:03.8239627Z # Summary
Check Links	Check links with lychee	2026-08-20T05:17:03.8262857Z 
Check Links	Check links with lychee	2026-08-20T05:17:03.8263029Z | Status         | Count |
Check Links	Check links with lychee	2026-08-20T05:17:03.8263471Z |----------------|-------|
Check Links	Check links with lychee	2026-08-20T05:17:03.8264247Z | 🔍 Total       | 57    |
Check Links	Check links with lychee	2026-08-20T05:17:03.8264744Z | 🔗 Unique      | 54    |
Check Links	Check links with lychee	2026-08-20T05:17:03.8265210Z | ✅ Successful  | 52    |
Check Links	Check links with lychee	2026-08-20T05:17:03.8265808Z | ⏳ Timeouts    | 0     |
Check Links	Check links with lychee	2026-08-20T05:17:03.8266279Z | 🔀 Redirected  | 9     |
Check Links	Check links with lychee	2026-08-20T05:17:03.8266763Z | 👻 Excluded    | 1     |
Check Links	Check links with lychee	2026-08-20T05:17:03.8267245Z | ❓ Unknown     | 0     |
Check Links	Check links with lychee	2026-08-20T05:17:03.8267696Z | 🚫 Errors      | 3     |
Check Links	Check links with lychee	2026-08-20T05:17:03.8268270Z | ⛔ Unsupported | 1     |
Check Links	Check links with lychee	2026-08-20T05:17:03.8268547Z 
Check Links	Check links with lychee	2026-08-20T05:17:03.8268719Z ## Errors per input
Check Links	Check links with lychee	2026-08-20T05:17:03.8268949Z 
Check Links	Check links with lychee	2026-08-20T05:17:03.8269175Z ### Errors in scripts/fixtures/lychee-report.md
Check Links	Check links with lychee	2026-08-20T05:17:03.8269559Z 
Check Links	Check links with lychee	2026-08-20T05:17:03.8271022Z * [ERROR] <file:///home/runner/work/csharp-ai-driven-development-pipeline-template/csharp-ai-driven-development-pipeline-template/docs/api/MyPackage.yml> (at 18:12) | File not found. Check if file exists and path is correct
Check Links	Check links with lychee	2026-08-20T05:17:03.8274715Z * [404] <https://link-foundation.github.io/csharp-ai-driven-development-pipeline-template/api/> (at 27:10) | Rejected status code: 404 Not Found
Check Links	Check links with lychee	2026-08-20T05:17:03.8276721Z * [404] <https://link-foundation.github.io/csharp-ai-driven-development-pipeline-template/csharp/> (at 26:10) | Rejected status code: 404 Not Found
Check Links	Check links with lychee	2026-08-20T05:17:03.8278228Z 
Check Links	Check links with lychee	2026-08-20T05:17:03.8278427Z ## Redirects per input
Check Links	Check links with lychee	2026-08-20T05:17:03.8278709Z 
Check Links	Check links with lychee	2026-08-20T05:17:03.8278897Z ### Redirects in CONTRIBUTING.md
Check Links	Check links with lychee	2026-08-20T05:17:03.8279252Z 
Check Links	Check links with lychee	2026-08-20T05:17:03.8279833Z * https://dotnet.microsoft.com/download --[302]--> https://dotnet.microsoft.com/en-us/download
Check Links	Check links with lychee	2026-08-20T05:17:03.8280563Z 
Check Links	Check links with lychee	2026-08-20T05:17:03.8280737Z ### Redirects in README.md
Check Links	Check links with lychee	2026-08-20T05:17:03.8281007Z 
Check Links	Check links with lychee	2026-08-20T05:17:03.8281286Z * http://unlicense.org/ --[301]--> https://unlicense.org/
Check Links	Check links with lychee	2026-08-20T05:17:03.8282755Z * https://docs.microsoft.com/dotnet/ --[301]--> https://learn.microsoft.com/dotnet/ --[302]--> https://learn.microsoft.com/en-us/dotnet/
Check Links	Check links with lychee	2026-08-20T05:17:03.8285189Z * https://docs.microsoft.com/dotnet/fundamentals/code-analysis/overview --[301]--> https://learn.microsoft.com/dotnet/fundamentals/code-analysis/overview --[302]--> https://learn.microsoft.com/en-us/dotnet/fundamentals/code-analysis/overview
Check Links	Check links with lychee	2026-08-20T05:17:03.8287372Z * https://dotnet.microsoft.com/ --[302]--> https://dotnet.microsoft.com/en-us/
Check Links	Check links with lychee	2026-08-20T05:17:03.8287993Z 
Check Links	Check links with lychee	2026-08-20T05:17:03.8288244Z ### Redirects in scripts/fixtures/lychee-report.md
Check Links	Check links with lychee	2026-08-20T05:17:03.8288709Z 
Check Links	Check links with lychee	2026-08-20T05:17:03.8289095Z * https://docs.rs/link-cli --[302]--> https://docs.rs/link-cli/latest/link_cli/
Check Links	Check links with lychee	2026-08-20T05:17:03.8290267Z * https://github.com/linksplatform/Protocols.Lino --[301]--> https://github.com/link-foundation/links-notation
Check Links	Check links with lychee	2026-08-20T05:17:03.8291909Z * https://habr.com/ru/articles/804617 --[301]--> https://habr.com/ru/articles/804617/ --[302]--> https://habr.com/ru/companies/deepfoundation/articles/804617/
Check Links	Check links with lychee	2026-08-20T05:17:03.8293811Z * https://habr.com/ru/articles/804617/ --[302]--> https://habr.com/ru/companies/deepfoundation/articles/804617/
Check Links	Check links with lychee	2026-08-20T05:17:03.8294610Z 
Check Links	Check links with lychee	2026-08-20T05:17:03.8294622Z 
Check Links	Check links with lychee	2026-08-20T05:17:03.8318126Z ##[notice]Summary report available at: https://github.com/link-foundation/csharp-ai-driven-development-pipeline-template/actions/runs/32335007232#summary-96322751253
Check Links	Check links with lychee	2026-08-20T05:17:03.8340157Z ##[end-action id=lychee.run-lychee;outcome=success;conclusion=success;duration_ms=3450]
Check Links	Check broken links against Web Archive	﻿2026-08-20T05:17:03.8444904Z ##[group]Run node scripts/check-web-archive.mjs
Check Links	Check broken links against Web Archive	2026-08-20T05:17:03.8445449Z ^[[36;1mnode scripts/check-web-archive.mjs^[[0m
Check Links	Check broken links against Web Archive	2026-08-20T05:17:03.8484029Z shell: /usr/bin/bash -e {0}
Check Links	Check broken links against Web Archive	2026-08-20T05:17:03.8484278Z env:
Check Links	Check broken links against Web Archive	2026-08-20T05:17:03.8484468Z   GIT_CONFIG_COUNT: 1
Check Links	Check broken links against Web Archive	2026-08-20T05:17:03.8484699Z   GIT_CONFIG_KEY_0: init.defaultBranch
Check Links	Check broken links against Web Archive	2026-08-20T05:17:03.8484973Z   GIT_CONFIG_VALUE_0: main
Check Links	Check broken links against Web Archive	2026-08-20T05:17:03.8485219Z   LYCHEE_OUTPUT: lychee/out.md
Check Links	Check broken links against Web Archive	2026-08-20T05:17:03.8485451Z ##[endgroup]
Check Links	Check broken links against Web Archive	2026-08-20T05:17:05.2675101Z === Web Archive Fallback Check ===
Check Links	Check broken links against Web Archive	2026-08-20T05:17:05.2676695Z 
Check Links	Check broken links against Web Archive	2026-08-20T05:17:05.2677167Z Reading lychee output from: lychee/out.md
Check Links	Check broken links against Web Archive	2026-08-20T05:17:05.2677584Z 
Check Links	Check broken links against Web Archive	2026-08-20T05:17:05.2688991Z ✗ 1 broken link(s) cannot be checked against the Web Archive:
Check Links	Check broken links against Web Archive	2026-08-20T05:17:05.2690252Z   file:///home/runner/work/csharp-ai-driven-development-pipeline-template/csharp-ai-driven-development-pipeline-template/docs/api/MyPackage.yml
Check Links	Check broken links against Web Archive	2026-08-20T05:17:05.2694862Z ##[error]Broken link detected: file:///home/runner/work/csharp-ai-driven-development-pipeline-template/csharp-ai-driven-development-pipeline-template/docs/api/MyPackage.yml
Check Links	Check broken links against Web Archive	2026-08-20T05:17:05.2696847Z It is not an http(s) URL (missing file, unresolvable relative link, ...),
Check Links	Check broken links against Web Archive	2026-08-20T05:17:05.2697369Z so the Wayback Machine cannot provide a fallback.
Check Links	Check broken links against Web Archive	2026-08-20T05:17:05.2697883Z How to fix: correct the path, restore the missing file, or pass --root-dir
Check Links	Check broken links against Web Archive	2026-08-20T05:17:05.2698384Z to lychee so root-relative links resolve.
Check Links	Check broken links against Web Archive	2026-08-20T05:17:05.2698622Z 
Check Links	Check broken links against Web Archive	2026-08-20T05:17:05.2698789Z Found 2 broken URL(s). Checking Web Archive...
Check Links	Check broken links against Web Archive	2026-08-20T05:17:05.2699041Z 
Check Links	Check broken links against Web Archive	2026-08-20T05:17:05.2699438Z Checking: https://link-foundation.github.io/csharp-ai-driven-development-pipeline-template/api/
Check Links	Check broken links against Web Archive	2026-08-20T05:17:05.8690154Z   ✗ Not found in Web Archive
Check Links	Check broken links against Web Archive	2026-08-20T05:17:06.3699840Z Checking: https://link-foundation.github.io/csharp-ai-driven-development-pipeline-template/csharp/
Check Links	Check broken links against Web Archive	2026-08-20T05:17:07.8448467Z   ✗ Not found in Web Archive
Check Links	Check broken links against Web Archive	2026-08-20T05:17:08.3441357Z 
Check Links	Check broken links against Web Archive	2026-08-20T05:17:08.3442160Z === Web Archive Check Summary ===
Check Links	Check broken links against Web Archive	2026-08-20T05:17:08.3442875Z 
Check Links	Check broken links against Web Archive	2026-08-20T05:17:08.3443324Z ✗ 2 broken link(s) have NO Web Archive version:
Check Links	Check broken links against Web Archive	2026-08-20T05:17:08.3444057Z   https://link-foundation.github.io/csharp-ai-driven-development-pipeline-template/api/
Check Links	Check broken links against Web Archive	2026-08-20T05:17:08.3445697Z   https://link-foundation.github.io/csharp-ai-driven-development-pipeline-template/csharp/
Check Links	Check broken links against Web Archive	2026-08-20T05:17:08.3446670Z 
Check Links	Check broken links against Web Archive	2026-08-20T05:17:08.3448692Z ##[error]Broken link detected: https://link-foundation.github.io/csharp-ai-driven-development-pipeline-template/api/
Check Links	Check broken links against Web Archive	2026-08-20T05:17:08.3450900Z No archived version was found in the Wayback Machine.
Check Links	Check broken links against Web Archive	2026-08-20T05:17:08.3451509Z How to fix:
Check Links	Check broken links against Web Archive	2026-08-20T05:17:08.3452302Z   1. Find an updated URL for the same or equivalent content and replace the link.
Check Links	Check broken links against Web Archive	2026-08-20T05:17:08.3453284Z   2. Remove the link if the content is no longer relevant.
Check Links	Check broken links against Web Archive	2026-08-20T05:17:08.3454264Z   3. Add the URL to .lycheeignore if it is a known false positive (e.g. localhost, example.com).
Check Links	Check broken links against Web Archive	2026-08-20T05:17:08.3457173Z ##[error]Broken link detected: https://link-foundation.github.io/csharp-ai-driven-development-pipeline-template/csharp/
Check Links	Check broken links against Web Archive	2026-08-20T05:17:08.3459203Z No archived version was found in the Wayback Machine.
Check Links	Check broken links against Web Archive	2026-08-20T05:17:08.3459658Z How to fix:
Check Links	Check broken links against Web Archive	2026-08-20T05:17:08.3460159Z   1. Find an updated URL for the same or equivalent content and replace the link.
Check Links	Check broken links against Web Archive	2026-08-20T05:17:08.3460978Z   2. Remove the link if the content is no longer relevant.
Check Links	Check broken links against Web Archive	2026-08-20T05:17:08.3461816Z   3. Add the URL to .lycheeignore if it is a known false positive (e.g. localhost, example.com).
Check Links	Check broken links against Web Archive	2026-08-20T05:17:08.3462771Z all_archived=false
Check Links	Check broken links against Web Archive	2026-08-20T05:17:08.3462972Z 
Check Links	Check broken links against Web Archive	2026-08-20T05:17:08.3463254Z Action required: Fix or remove the broken links listed above.
Check Links	Check broken links against Web Archive	2026-08-20T05:17:08.3464192Z For links with Web Archive versions, you can replace them with the suggested archive.org URLs.
Check Links	Check broken links against Web Archive	2026-08-20T05:17:08.3501232Z ##[error]Process completed with exit code 1.
Check Links	Post Run actions/checkout@v6	﻿2026-08-20T05:17:08.3633663Z Post job cleanup.
Check Links	Post Run actions/checkout@v6	2026-08-20T05:17:08.4460795Z [command]/usr/bin/git version
Check Links	Post Run actions/checkout@v6	2026-08-20T05:17:08.4535511Z git version 2.55.0
Check Links	Post Run actions/checkout@v6	2026-08-20T05:17:08.4575898Z Temporarily overriding HOME='/home/runner/work/_temp/3017c2c5-3df7-418e-981b-a2e76740a36d' before making global git config changes
Check Links	Post Run actions/checkout@v6	2026-08-20T05:17:08.4577272Z Adding repository directory to the temporary git global config as a safe directory
Check Links	Post Run actions/checkout@v6	2026-08-20T05:17:08.4583241Z [command]/usr/bin/git config --global --add safe.directory /home/runner/work/csharp-ai-driven-development-pipeline-template/csharp-ai-driven-development-pipeline-template
Check Links	Post Run actions/checkout@v6	2026-08-20T05:17:08.4615034Z Removing SSH command configuration
Check Links	Post Run actions/checkout@v6	2026-08-20T05:17:08.4622260Z [command]/usr/bin/git config --local --name-only --get-regexp core\.sshCommand
Check Links	Post Run actions/checkout@v6	2026-08-20T05:17:08.4673223Z [command]/usr/bin/git submodule foreach --recursive sh -c "git config --local --name-only --get-regexp 'core\.sshCommand' && git config --local --unset-all 'core.sshCommand' || :"
Check Links	Post Run actions/checkout@v6	2026-08-20T05:17:08.4912419Z Removing HTTP extra header
Check Links	Post Run actions/checkout@v6	2026-08-20T05:17:08.4918593Z [command]/usr/bin/git config --local --name-only --get-regexp http\.https\:\/\/github\.com\/\.extraheader
Check Links	Post Run actions/checkout@v6	2026-08-20T05:17:08.4956853Z [command]/usr/bin/git submodule foreach --recursive sh -c "git config --local --name-only --get-regexp 'http\.https\:\/\/github\.com\/\.extraheader' && git config --local --unset-all 'http.https://github.com/.extraheader' || :"
Check Links	Post Run actions/checkout@v6	2026-08-20T05:17:08.5200645Z Removing includeIf entries pointing to credentials config files
Check Links	Post Run actions/checkout@v6	2026-08-20T05:17:08.5210409Z [command]/usr/bin/git config --local --name-only --get-regexp ^includeIf\.gitdir:
Check Links	Post Run actions/checkout@v6	2026-08-20T05:17:08.5250353Z includeif.gitdir:/home/runner/work/csharp-ai-driven-development-pipeline-template/csharp-ai-driven-development-pipeline-template/.git.path
Check Links	Post Run actions/checkout@v6	2026-08-20T05:17:08.5252813Z includeif.gitdir:/home/runner/work/csharp-ai-driven-development-pipeline-template/csharp-ai-driven-development-pipeline-template/.git/worktrees/*.path
Check Links	Post Run actions/checkout@v6	2026-08-20T05:17:08.5254416Z includeif.gitdir:/github/workspace/.git.path
Check Links	Post Run actions/checkout@v6	2026-08-20T05:17:08.5255818Z includeif.gitdir:/github/workspace/.git/worktrees/*.path
Check Links	Post Run actions/checkout@v6	2026-08-20T05:17:08.5259860Z [command]/usr/bin/git config --local --get-all includeif.gitdir:/home/runner/work/csharp-ai-driven-development-pipeline-template/csharp-ai-driven-development-pipeline-template/.git.path
Check Links	Post Run actions/checkout@v6	2026-08-20T05:17:08.5283119Z /home/runner/work/_temp/git-credentials-7170dd29-6b7c-469d-bb64-87c24e2d5935.config
Check Links	Post Run actions/checkout@v6	2026-08-20T05:17:08.5297060Z [command]/usr/bin/git config --local --unset includeif.gitdir:/home/runner/work/csharp-ai-driven-development-pipeline-template/csharp-ai-driven-development-pipeline-template/.git.path /home/runner/work/_temp/git-credentials-7170dd29-6b7c-469d-bb64-87c24e2d5935.config
Check Links	Post Run actions/checkout@v6	2026-08-20T05:17:08.5336067Z [command]/usr/bin/git config --local --get-all includeif.gitdir:/home/runner/work/csharp-ai-driven-development-pipeline-template/csharp-ai-driven-development-pipeline-template/.git/worktrees/*.path
Check Links	Post Run actions/checkout@v6	2026-08-20T05:17:08.5362131Z /home/runner/work/_temp/git-credentials-7170dd29-6b7c-469d-bb64-87c24e2d5935.config
Check Links	Post Run actions/checkout@v6	2026-08-20T05:17:08.5376144Z [command]/usr/bin/git config --local --unset includeif.gitdir:/home/runner/work/csharp-ai-driven-development-pipeline-template/csharp-ai-driven-development-pipeline-template/.git/worktrees/*.path /home/runner/work/_temp/git-credentials-7170dd29-6b7c-469d-bb64-87c24e2d5935.config
Check Links	Post Run actions/checkout@v6	2026-08-20T05:17:08.5413979Z [command]/usr/bin/git config --local --get-all includeif.gitdir:/github/workspace/.git.path
Check Links	Post Run actions/checkout@v6	2026-08-20T05:17:08.5439491Z /github/runner_temp/git-credentials-7170dd29-6b7c-469d-bb64-87c24e2d5935.config
Check Links	Post Run actions/checkout@v6	2026-08-20T05:17:08.5449536Z [command]/usr/bin/git config --local --unset includeif.gitdir:/github/workspace/.git.path /github/runner_temp/git-credentials-7170dd29-6b7c-469d-bb64-87c24e2d5935.config
Check Links	Post Run actions/checkout@v6	2026-08-20T05:17:08.5489590Z [command]/usr/bin/git config --local --get-all includeif.gitdir:/github/workspace/.git/worktrees/*.path
Check Links	Post Run actions/checkout@v6	2026-08-20T05:17:08.5522358Z /github/runner_temp/git-credentials-7170dd29-6b7c-469d-bb64-87c24e2d5935.config
Check Links	Post Run actions/checkout@v6	2026-08-20T05:17:08.5543322Z [command]/usr/bin/git config --local --unset includeif.gitdir:/github/workspace/.git/worktrees/*.path /github/runner_temp/git-credentials-7170dd29-6b7c-469d-bb64-87c24e2d5935.config
Check Links	Post Run actions/checkout@v6	2026-08-20T05:17:08.5584160Z [command]/usr/bin/git submodule foreach --recursive git config --local --show-origin --name-only --get-regexp remote.origin.url
Check Links	Post Run actions/checkout@v6	2026-08-20T05:17:08.5823784Z Removing credentials config '/home/runner/work/_temp/git-credentials-7170dd29-6b7c-469d-bb64-87c24e2d5935.config'
Check Links	Complete job	﻿2026-08-20T05:17:08.5999220Z Cleaning up orphan processes
